
Cbnits-27@DESKTOP-ERDD7GC MINGW64 /e/Third Test
$ git init
Initialized empty Git repository in E:/Third Test/.git/

Cbnits-27@DESKTOP-ERDD7GC MINGW64 /e/Third Test (master)
$ git config --global user.name "AkashMukherjee98"

Cbnits-27@DESKTOP-ERDD7GC MINGW64 /e/Third Test (master)
$ git config --global user.email "akash.mukherjee@cbnits.com"

Cbnits-27@DESKTOP-ERDD7GC MINGW64 /e/Third Test (master)
$ git config user.email
akash.mukherjee@cbnits.com

Cbnits-27@DESKTOP-ERDD7GC MINGW64 /e/Third Test (master)
$ git config user.name
AkashMukherjee98

Cbnits-27@DESKTOP-ERDD7GC MINGW64 /e/Third Test (master)
$ touch Hello.txt

Cbnits-27@DESKTOP-ERDD7GC MINGW64 /e/Third Test (master)
$ touch Hi.txt

Cbnits-27@DESKTOP-ERDD7GC MINGW64 /e/Third Test (master)
$ git add -A

Cbnits-27@DESKTOP-ERDD7GC MINGW64 /e/Third Test (master)
$ git status
On branch master

No commits yet

Changes to be committed:
  (use "git rm --cached <file>..." to unstage)
        new file:   Hello.txt
        new file:   Hi.txt


Cbnits-27@DESKTOP-ERDD7GC MINGW64 /e/Third Test (master)
$ git commit -m "first commit"
[master (root-commit) 5d16ba1] first commit
 2 files changed, 0 insertions(+), 0 deletions(-)
 create mode 100644 Hello.txt
 create mode 100644 Hi.txt

Cbnits-27@DESKTOP-ERDD7GC MINGW64 /e/Third Test (master)
$ git status
On branch master
nothing to commit, working tree clean

Cbnits-27@DESKTOP-ERDD7GC MINGW64 /e/Third Test (master)
$ git remote add third https://github.com/AkashMukherjee98/Third-Test.git

Cbnits-27@DESKTOP-ERDD7GC MINGW64 /e/Third Test (master)
$ git remote
third

Cbnits-27@DESKTOP-ERDD7GC MINGW64 /e/Third Test (master)
$ git push -u third master
Enumerating objects: 3, done.
Counting objects: 100% (3/3), done.
Delta compression using up to 4 threads
Compressing objects: 100% (2/2), done.
Writing objects: 100% (3/3), 223 bytes | 223.00 KiB/s, done.
Total 3 (delta 0), reused 0 (delta 0), pack-reused 0
To https://github.com/AkashMukherjee98/Third-Test.git
 * [new branch]      master -> master
branch 'master' set up to track 'third/master'.

Cbnits-27@DESKTOP-ERDD7GC MINGW64 /e/Third Test (master)
$ ^C

Cbnits-27@DESKTOP-ERDD7GC MINGW64 /e/Third Test (master)
$ git branch first

Cbnits-27@DESKTOP-ERDD7GC MINGW64 /e/Third Test (master)
$ git status
On branch master
Your branch is up to date with 'third/master'.

nothing to commit, working tree clean

Cbnits-27@DESKTOP-ERDD7GC MINGW64 /e/Third Test (master)
$ git branch
  first
* master

Cbnits-27@DESKTOP-ERDD7GC MINGW64 /e/Third Test (master)
$ git checkout first
Switched to branch 'first'

Cbnits-27@DESKTOP-ERDD7GC MINGW64 /e/Third Test (first)
$ git branch
* first
  master

Cbnits-27@DESKTOP-ERDD7GC MINGW64 /e/Third Test (first)
$ git checkout -b second
Switched to a new branch 'second'

Cbnits-27@DESKTOP-ERDD7GC MINGW64 /e/Third Test (second)
$ git branch
  first
  master
* second

Cbnits-27@DESKTOP-ERDD7GC MINGW64 /e/Third Test (second)
$ git push third first
Total 0 (delta 0), reused 0 (delta 0), pack-reused 0
remote:
remote: Create a pull request for 'first' on GitHub by visiting:
remote:      https://github.com/AkashMukherjee98/Third-Test/pull/new/first
remote:
To https://github.com/AkashMukherjee98/Third-Test.git
 * [new branch]      first -> first

Cbnits-27@DESKTOP-ERDD7GC MINGW64 /e/Third Test (second)
$ git push third first
Everything up-to-date

Cbnits-27@DESKTOP-ERDD7GC MINGW64 /e/Third Test (second)
$ git status
On branch second
Changes not staged for commit:
  (use "git add <file>..." to update what will be committed)
  (use "git restore <file>..." to discard changes in working directory)
        modified:   Hello.txt
        modified:   Hi.txt

no changes added to commit (use "git add" and/or "git commit -a")

Cbnits-27@DESKTOP-ERDD7GC MINGW64 /e/Third Test (second)
$ git add .

Cbnits-27@DESKTOP-ERDD7GC MINGW64 /e/Third Test (second)
$ git status
On branch second
Changes to be committed:
  (use "git restore --staged <file>..." to unstage)
        modified:   Hello.txt
        modified:   Hi.txt


Cbnits-27@DESKTOP-ERDD7GC MINGW64 /e/Third Test (second)
$ git commit -m "for second branch"
[second 4c9bde2] for second branch
 2 files changed, 2 insertions(+)

Cbnits-27@DESKTOP-ERDD7GC MINGW64 /e/Third Test (second)
$ git push -u third second
Enumerating objects: 7, done.
Counting objects: 100% (6/6), done.
Delta compression using up to 4 threads
Compressing objects: 100% (2/2), done.
Writing objects: 100% (4/4), 329 bytes | 329.00 KiB/s, done.
Total 4 (delta 0), reused 0 (delta 0), pack-reused 0
remote:
remote: Create a pull request for 'second' on GitHub by visiting:
remote:      https://github.com/AkashMukherjee98/Third-Test/pull/new/second
remote:
To https://github.com/AkashMukherjee98/Third-Test.git
 * [new branch]      second -> second
branch 'second' set up to track 'third/second'.

Cbnits-27@DESKTOP-ERDD7GC MINGW64 /e/Third Test (second)
$ git checkout first
Switched to branch 'first'

Cbnits-27@DESKTOP-ERDD7GC MINGW64 /e/Third Test (first)
$ git pull third first
remote: Enumerating objects: 1, done.
remote: Counting objects: 100% (1/1), done.
remote: Total 1 (delta 0), reused 0 (delta 0), pack-reused 0
Unpacking objects: 100% (1/1), 627 bytes | 19.00 KiB/s, done.
From https://github.com/AkashMukherjee98/Third-Test
 * branch            first      -> FETCH_HEAD
   5d16ba1..f2c4115  first      -> third/first
Updating 5d16ba1..f2c4115
Fast-forward
 Hello.txt | 1 +
 Hi.txt    | 1 +
 2 files changed, 2 insertions(+)

Cbnits-27@DESKTOP-ERDD7GC MINGW64 /e/Third Test (first)
$
