Cbnits-27@DESKTOP-ERDD7GC MINGW64 /e/Python (main)
$ git status
On branch main
Your branch is up to date with 'origin/main'.

Untracked files:
  (use "git add <file>..." to include in what will be committed)
        Lamdatest.py
        MapLamdaFilterUse.py
        Maptest.py
        SubProTest.py
        Test.py
        filtertest.py

nothing added to commit but untracked files present (use "git add" to track)

Cbnits-27@DESKTOP-ERDD7GC MINGW64 /e/Python (main)
$ git add -a
error: unknown switch `a'
usage: git add [<options>] [--] <pathspec>...

    -n, --dry-run         dry run
    -v, --verbose         be verbose

    -i, --interactive     interactive picking
    -p, --patch           select hunks interactively
    -e, --edit            edit current diff and apply
    -f, --force           allow adding otherwise ignored files
    -u, --update          update tracked files
    --renormalize         renormalize EOL of tracked files (implies -u)
    -N, --intent-to-add   record only the fact that the path will be added later
    -A, --all             add changes from all tracked and untracked files
    --ignore-removal      ignore paths removed in the working tree (same as --no-all)
    --refresh             don't add, only refresh the index
    --ignore-errors       just skip files which cannot be added because of errors
    --ignore-missing      check if - even missing - files are ignored in dry run
    --sparse              allow updating entries outside of the sparse-checkout cone
    --chmod (+|-)x        override the executable bit of the listed files
    --pathspec-from-file <file>
                          read pathspec from file
    --pathspec-file-nul   with --pathspec-from-file, pathspec elements are separated with NUL character


Cbnits-27@DESKTOP-ERDD7GC MINGW64 /e/Python (main)
$ git add -A

Cbnits-27@DESKTOP-ERDD7GC MINGW64 /e/Python (main)
$ git status
On branch main
Your branch is up to date with 'origin/main'.

Changes to be committed:
  (use "git restore --staged <file>..." to unstage)
        new file:   Lamdatest.py
        new file:   MapLamdaFilterUse.py
        new file:   Maptest.py
        new file:   SubProTest.py
        new file:   Test.py
        new file:   filtertest.py


Cbnits-27@DESKTOP-ERDD7GC MINGW64 /e/Python (main)
$ git commit -m "commit of Lamda Map Filter"
[main 8d34e65] commit of Lamda Map Filter
 6 files changed, 101 insertions(+)
 create mode 100644 Lamdatest.py
 create mode 100644 MapLamdaFilterUse.py
 create mode 100644 Maptest.py
 create mode 100644 SubProTest.py
 create mode 100644 Test.py
 create mode 100644 filtertest.py

Cbnits-27@DESKTOP-ERDD7GC MINGW64 /e/Python (main)
$ git branch
* main

Cbnits-27@DESKTOP-ERDD7GC MINGW64 /e/Python (main)
$ git push -u origin master
error: src refspec master does not match any
error: failed to push some refs to 'https://github.com/AkashMukherjee98/cbnits-training.git'

Cbnits-27@DESKTOP-ERDD7GC MINGW64 /e/Python (main)
$ git remote add cbnits-training https://github.com/AkashMukherjee/cbnits-training.git

Cbnits-27@DESKTOP-ERDD7GC MINGW64 /e/Python (main)
$ git remote
cbnits-training
origin

Cbnits-27@DESKTOP-ERDD7GC MINGW64 /e/Python (main)
$ git push -u origin master
error: src refspec master does not match any
error: failed to push some refs to 'https://github.com/AkashMukherjee98/cbnits-training.git'

Cbnits-27@DESKTOP-ERDD7GC MINGW64 /e/Python (main)
$ git push -u origin main
Enumerating objects: 9, done.
Counting objects: 100% (9/9), done.
Delta compression using up to 4 threads
Compressing objects: 100% (8/8), done.
Writing objects: 100% (8/8), 1.84 KiB | 1.84 MiB/s, done.
Total 8 (delta 1), reused 0 (delta 0), pack-reused 0
remote: Resolving deltas: 100% (1/1), completed with 1 local object.
To https://github.com/AkashMukherjee98/cbnits-training.git
   d2f80cd..8d34e65  main -> main
branch 'main' set up to track 'origin/main'.

Cbnits-27@DESKTOP-ERDD7GC MINGW64 /e/Python (main)
$ git status
On branch main
Your branch is up to date with 'origin/main'.

nothing to commit, working tree clean

Cbnits-27@DESKTOP-ERDD7GC MINGW64 /e/Python (main)
$
